Module msp430g2553
module body	c C000	2
vector table	v	64
codeexe	 C000

Module msp430delay
CyclesX3	c C000	6
module body	c C006	2
vector table	v	64
codeexe	 C000

Module MultiPrecisionArith
LongNegate	c C006	18
MulLongLong	c C018	104
DivLongLong	c C080	136
CmpLongLong	c C108	24
module body	c C120	2
vector table	v	64
codeexe	 C006

Module String
FromLong	c C120	182
module body	c C1D6	2
vector table	v	64
codeexe	 C120

Module pcd8544
	s C1D6	476
	s C3B2	50
XAddr	r 0200	1
YAddr	r 0201	1
Vop	r 0202	1
FunctionSet	r 0203	1
composeChar	r 0204	1
select	r 0206	2
deselect	r 0208	2
setData	r 020A	2
setCommand	r 020C	2
sendD	r 020E	2
track	c C3E4	186
send	c C49E	44
WriteChar	c C4CA	154
WriteString	c C564	42
SetAddr	c C58E	82
GetAddr	c C5E0	14
Clear	c C5EE	44
Init	c C61A	70
WriteLongint	c C660	86
setCallbacks	c C6B6	22
module body	c C6CC	24
vector table	v	64
codeexe	 C1D6

Module Arith
mul16	c C6E4	22
divmod16	c C6FA	64
module body	c C73A	2
vector table	v	64
codeexe	 C6E4

Module PosixTime
mon_len	d C73A	12
mon_day	d C746	24
timeOffset	r 0210	4
systemTime	r 0214	4
setMax	c C75E	10
setMin	c C768	10
cmp	c C772	36
inc	c C796	12
tick	c C7A2	10
LEAPYEAR	c C7AC	72
DAYS_IN_YR	c C7F4	16
gmhms	c C804	104
mktime	c C86C	950
gmtime	c CC22	212
localtime	c CCF6	50
TimeToString	c CD28	40
module body	c CD50	18
vector table	v	64
codeexe	 C73A

Module testpcd8544
old_day	r 0218	4
dayOfWeek	d CD62	28
select	c CD7E	6
deselect	c CD84	6
setData	c CD8A	6
setCommand	c CD90	6
send	c CD96	18
displayT	c CDA8	68
displayTime	c CDEC	386
module body	c CF6E	224
	s D04E	14
vector table	v	64
codeexe	 CD62

