Module msp430g2553
module body	c C000	2
vector table	v	64
codeexe	 C000

Module msp430delay
CyclesX3	c C000	6
module body	c C006	2
vector table	v	64
codeexe	 C000

Module MultiPrecisionArith
LongNegate	c C006	18
MulLongLong	c C018	104
DivLongLong	c C080	136
CmpLongLong	c C108	24
module body	c C120	2
vector table	v	64
codeexe	 C006

Module String
FromLong	c C120	292
module body	c C244	2
vector table	v	64
codeexe	 C120

Module pcd8544
	s C244	476
	s C420	50
XAddr	r 0200	1
YAddr	r 0201	1
Vop	r 0202	1
FunctionSet	r 0203	1
composeChar	r 0204	1
select	r 0206	2
deselect	r 0208	2
setData	r 020A	2
setCommand	r 020C	2
sendD	r 020E	2
track	c C452	186
send	c C50C	44
WriteChar	c C538	154
WriteString	c C5D2	42
SetAddr	c C5FC	82
GetAddr	c C64E	14
Clear	c C65C	44
Init	c C688	70
WriteLongint	c C6CE	86
setCallbacks	c C724	22
module body	c C73A	24
vector table	v	64
codeexe	 C244

Module Arith
mul16	c C752	22
divmod16	c C768	64
module body	c C7A8	2
vector table	v	64
codeexe	 C752

Module PosixTime
mon_len	d C7A8	12
mon_day	d C7B4	24
timeOffset	r 0210	4
systemTime	r 0214	4
setMax	c C7CC	12
setMin	c C7D8	10
cmp	c C7E2	36
inc	c C806	12
tick	c C812	10
LEAPYEAR	c C81C	72
DAYS_IN_YR	c C864	16
gmhms	c C874	104
mktime	c C8DC	950
gmtime	c CC92	214
localtime	c CD68	50
TimeToString	c CD9A	40
module body	c CDC2	18
vector table	v	64
codeexe	 C7A8

Module testpcd8544
old_day	r 0218	4
dayOfWeek	d CDD4	28
select	c CDF0	6
deselect	c CDF6	6
setData	c CDFC	6
setCommand	c CE02	6
send	c CE08	18
displayT	c CE1A	66
displayTime	c CE5C	374
module body	c CFD2	224
	s D0B2	14
vector table	v	64
codeexe	 CDD4

