Module MSPFlashTypes
module body	c D800	2
vector table	v	64
codeexe	 D800

Module preserveMSPFlash
flashBlock	d D800	2
dummy	r 0200	96
module body	c D802	2
vector table	v	64
codeexe	 D800

Module msp430g2553
module body	c D802	2
vector table	v	64
codeexe	 D802

Module MultiPrecisionArith
LongNegate	c D802	18
MulLongLong	c D814	104
DivLongLong	c D87C	136
CmpLongLong	c D904	24
module body	c D91C	2
vector table	v	64
codeexe	 D802

Module String
FromLong	c D91C	292
module body	c DA40	2
vector table	v	64
codeexe	 D91C

Module Arith
mul16	c DA40	22
divmod16	c DA56	64
module body	c DA96	2
vector table	v	64
codeexe	 DA40

Module PosixTime
TimeMax	d DA96	4
OneSec	d DA9A	4
tz	d DA9E	16
mon_len	d DAAE	12
mon_day	d DABA	24
timeOffset	r 0260	4
systemTime	r 0264	4
timeIsST	r 0268	1
setMax	c DAD2	12
setMin	c DADE	10
cmp	c DAE8	36
inc	c DB0C	12
tick	c DB18	10
dec	c DB22	12
LEAPYEAR	c DB2E	72
DAYS_IN_YR	c DB76	16
gmhms	c DB86	104
mktime	c DBEE	950
gmtime	c DFA4	212
localtime	c E078	50
findlastweekdayofmonth	c E0AA	142
findnextdsttime	c E138	188
settime	c E1F4	96
TimeToString	c E254	40
changedsttime	c E27C	118
module body	c E2F2	18
vector table	v	64
codeexe	 DA96

Module sDiaryTypes
module body	c E304	2
vector table	v	64
codeexe	 E304

Module msp430delay
CyclesX3	c E304	6
module body	c E30A	2
vector table	v	64
codeexe	 E304

Module pcd8544
	s E30A	476
	s E4E6	50
XAddr	r 0269	1
YAddr	r 026A	1
Vop	r 026B	1
FunctionSet	r 026C	1
composeChar	r 026D	1
select	r 026E	2
deselect	r 0270	2
setData	r 0272	2
setCommand	r 0274	2
sendD	r 0276	2
track	c E518	186
send	c E5D2	44
WriteChar	c E5FE	154
WriteString	c E698	42
SetAddr	c E6C2	82
GetAddr	c E714	14
Clear	c E722	44
Init	c E74E	70
WriteLongint	c E794	86
setCallbacks	c E7EA	22
module body	c E800	24
vector table	v	64
codeexe	 E30A

Module sDiary
	s E818	4
	s E81C	6
	s E822	10
ramDE	r 0278	64
currentDE	r 02B8	12
evTab	r 02C4	42
dayOfWeek	d E82C	28
old_day	r 02EE	4
nextEventTime	r 02F2	4
nextEventType	r 02F6	1
vcc	r 02F8	2
beepOn	r 02FA	2
extraCycles	r 02FC	1
trimPeriod	r 02FD	1
baseFreq	r 02FE	2
state	r 0300	2
DEIndex	r 0302	2
setTime	r 0304	18
oldSetTime	r 0316	4
cOrD	r 031A	2
parseData	r 031C	2
trimmer	r 031E	2
BPReq	r 0320	1
ADCReq	r 0321	1
NSReq	r 0322	1
RcdChar	r 0324	2
select	c E848	6
deselect	c E84E	6
setData	c E854	6
setCommand	c E85A	6
send	c E860	18
nbFreeSlots	c E872	50
respondC	c E8A4	12
respondS	c E8B0	28
respondBAD	c E8CC	12
appendDigit	c E8D8	64
appendHexDigit	c E918	66
scheduleNextEvent	c E95A	120
adjustEvents	c E9D2	78
rearmEvent	c EA20	64
getEventTime	c EA60	82
nextCompatibleDate	c EAB2	594
updateBell	c ED04	86
popEvent	c ED5A	46
findNextDiaryEvent	c ED88	272
findAndArmNextDiaryEvent	c EE98	40
eraseAllDiaryEvents	c EEC0	68
deleteDiaryEvent	c EF04	162
createDiaryEvent	c EFA6	84
prompt	c EFFA	12
respondL	c F006	52
respondI	c F03A	34
respondT	c F05C	46
sendEvents	c F08A	114
doCommand	c F0FC	1184
	s F59C	4
	s F5A0	6
	s F5A6	4
	s F5AA	4
	s F5AE	6
	s F5B4	8
	s F5BC	6
	s F5C2	6
	s F5C8	6
	s F5CE	6
	s F5D4	6
	s F5DA	8
parseCommand	c F5E2	16
setVcc	c F5F2	100
displayTime	c F656	358
displayEvent	c F7BC	364
nextSecond	c F928	64
displayEventOneHour	c F968	38
rearmVCCSense	c F98E	44
rearmBeepOff	c F9BA	44
buttonPressed	c F9E6	196
computeVcc	c FAAA	68
PORT1_ISR_HOOK	c FAEE	58
ADC10_ISR_HOOK	c FB28	30
USCI0RX_ISR_HOOK	c FB46	70
TIMER0_A0_ISR_HOOK	c FB8C	20
TIMER0_A1_ISR_HOOK	c FBA0	38
doDSTEvent	c FBC6	40
module body	c FBEE	870
vector table	v	64
codeexe	 E818

