Module MSPFlashTypes
module body	c D800	2
vector table	v	64
codeexe	 D800

Module preserveMSPFlash
flashBlock	d D800	2
dummy	r 0200	96
module body	c D802	2
vector table	v	64
codeexe	 D800

Module msp430g2553
module body	c D802	2
vector table	v	64
codeexe	 D802

Module MultiPrecisionArith
MulLongInt	c D802	94
MulLongLong	c D860	104
DivLongLong	c D8C8	136
CmpLongLong	c D950	24
module body	c D968	2
vector table	v	64
codeexe	 D802

Module Arith
divmod16	c D968	64
module body	c D9A8	2
vector table	v	64
codeexe	 D968

Module String
FromLong	c D9A8	118
FromInteger	c DA1E	172
module body	c DACA	2
vector table	v	64
codeexe	 D9A8

Module PosixTime
TimeMax	d DACA	4
OneSec	d DACE	4
tz	d DAD2	16
mon_len	d DAE2	12
mon_day	d DAEE	24
timeOffset	r 0260	4
systemTime	r 0264	4
timeIsST	r 0268	1
setMax	c DB06	10
setMin	c DB10	10
cmp	c DB1A	36
inc	c DB3E	12
tick	c DB4A	10
dec	c DB54	12
LEAPYEAR	c DB60	74
DAYS_IN_YR	c DBAA	16
gmhms	c DBBA	104
mktime	c DC22	972
gmtime	c DFEE	210
localtime	c E0C0	48
findlastweekdayofmonth	c E0F0	142
findnextdsttime	c E17E	182
settime	c E234	96
TimeToString	c E294	36
changedsttime	c E2B8	116
module body	c E32C	18
vector table	v	64
codeexe	 DACA

Module sDiaryTypes
module body	c E33E	2
vector table	v	64
codeexe	 E33E

Module msp430delay
CyclesX3	c E33E	6
module body	c E344	2
vector table	v	64
codeexe	 E33E

Module pcd8544
	s E344	476
	s E520	50
XAddr	r 0269	1
YAddr	r 026A	1
Vop	r 026B	1
FunctionSet	r 026C	1
composeChar	r 026D	1
select	r 026E	2
deselect	r 0270	2
setData	r 0272	2
setCommand	r 0274	2
doSend	c E552	202
send	c E61C	36
WriteChar	c E640	154
WriteString	c E6DA	42
SetAddr	c E704	78
GetAddr	c E752	14
Clear	c E760	44
Init	c E78C	70
WriteLongint	c E7D2	80
setCallbacks	c E822	18
module body	c E834	24
vector table	v	64
codeexe	 E344

Module sDiary
	s E84C	4
	s E850	6
	s E856	10
ramDE	r 0276	64
currentDE	r 02B6	12
evTab	r 02C2	42
dayOfWeek	d E860	28
commandBusy	r 02EC	1
old_day	r 02EE	4
nextEventTime	r 02F2	4
nextEventType	r 02F6	1
vcc	r 02F8	2
beepOn	r 02FA	2
extraCycles	r 02FC	1
trimPeriod	r 02FD	1
baseFreq	r 02FE	2
state	r 0300	2
DEIndex	r 0302	2
setTime	r 0304	18
oldSetTime	r 0316	4
cOrD	r 031A	2
parseData	r 031C	2
trimmer	r 031E	2
BPReq	r 0320	1
ADCReq	r 0321	1
PCReq	r 0322	1
select	c E87C	6
deselect	c E882	6
setData	c E888	6
setCommand	c E88E	6
nbFreeSlots	c E894	50
respondC	c E8C6	12
respondS	c E8D2	28
respondBAD	c E8EE	12
appendDigit	c E8FA	64
appendHexDigit	c E93A	66
scheduleNextEvent	c E97C	126
adjustEvents	c E9FA	78
rearmEvent	c EA48	64
getEventTime	c EA88	82
nextCompatibleDate	c EADA	592
updateBell	c ED2A	86
popEvent	c ED80	46
findNextDiaryEvent	c EDAE	268
findAndArmNextDiaryEvent	c EEBA	40
eraseAllDiaryEvents	c EEE2	68
deleteDiaryEvent	c EF26	162
createDiaryEvent	c EFC8	84
prompt	c F01C	12
respondI	c F028	44
respondUL	c F054	48
respondT	c F084	44
parseCommand	c F0B0	1228
	s F57C	4
	s F580	6
	s F586	4
	s F58A	4
	s F58E	6
	s F594	8
	s F59C	6
	s F5A2	6
	s F5A8	6
	s F5AE	6
	s F5B4	6
	s F5BA	8
setVcc	c F5C2	100
displayTime	c F626	370
displayEvent	c F798	364
nextSecond	c F904	64
displayEventOneHour	c F944	36
rearmVCCSense	c F968	44
rearmBeepOff	c F994	44
buttonPressed	c F9C0	196
computeVcc	c FA84	68
PORT1_ISR_HOOK	c FAC8	58
ADC10_ISR_HOOK	c FB02	30
USCI0RX_ISR_HOOK	c FB20	18
TIMER0_A0_ISR_HOOK	c FB32	16
TIMER0_A1_ISR_HOOK	c FB42	38
sendEvents	c FB68	118
doDSTEvent	c FBDE	38
module body	c FC04	896
vector table	v	64
codeexe	 E84C

