Module MSPFlashTypes
module body	c D800	2
vector table	v	64
codeexe	 D800

Module preserveMSPFlash
flashBlock	d D800	2
dummy	r 0200	96
module body	c D802	2
vector table	v	64
codeexe	 D800

Module msp430g2553
module body	c D802	2
vector table	v	64
codeexe	 D802

Module MultiPrecisionArith
LongNegate	c D802	18
MulLongLong	c D814	104
DivLongLong	c D87C	136
CmpLongLong	c D904	24
module body	c D91C	2
vector table	v	64
codeexe	 D802

Module String
FromLong	c D91C	292
module body	c DA40	2
vector table	v	64
codeexe	 D91C

Module Arith
mul16	c DA40	22
divmod16	c DA56	64
module body	c DA96	2
vector table	v	64
codeexe	 DA40

Module PosixTime
TimeMax	d DA96	4
OneSec	d DA9A	4
tz	d DA9E	16
mon_len	d DAAE	12
mon_day	d DABA	24
timeOffset	r 0260	4
systemTime	r 0264	4
timeIsST	r 0268	1
setMax	c DAD2	12
setMin	c DADE	10
cmp	c DAE8	36
inc	c DB0C	12
tick	c DB18	10
dec	c DB22	12
LEAPYEAR	c DB2E	72
DAYS_IN_YR	c DB76	16
gmhms	c DB86	104
mktime	c DBEE	950
gmtime	c DFA4	214
localtime	c E07A	50
findlastweekdayofmonth	c E0AC	142
findnextdsttime	c E13A	188
settime	c E1F6	96
TimeToString	c E256	40
changedsttime	c E27E	118
module body	c E2F4	18
vector table	v	64
codeexe	 DA96

Module sDiaryTypes
module body	c E306	2
vector table	v	64
codeexe	 E306

Module msp430delay
CyclesX3	c E306	6
module body	c E30C	2
vector table	v	64
codeexe	 E306

Module pcd8544
	s E30C	476
	s E4E8	50
XAddr	r 0269	1
YAddr	r 026A	1
Vop	r 026B	1
FunctionSet	r 026C	1
composeChar	r 026D	1
select	r 026E	2
deselect	r 0270	2
setData	r 0272	2
setCommand	r 0274	2
sendD	r 0276	2
track	c E51A	186
send	c E5D4	44
WriteChar	c E600	154
WriteString	c E69A	42
SetAddr	c E6C4	82
GetAddr	c E716	14
Clear	c E724	44
Init	c E750	70
WriteLongint	c E796	86
setCallbacks	c E7EC	22
module body	c E802	24
vector table	v	64
codeexe	 E30C

Module sDiary
	s E81A	4
	s E81E	6
	s E824	10
ramDE	r 0278	64
currentDE	r 02B8	12
evTab	r 02C4	42
dayOfWeek	d E82E	28
old_day	r 02EE	4
nextEventTime	r 02F2	4
nextEventType	r 02F6	1
vcc	r 02F8	2
beepOn	r 02FA	2
extraCycles	r 02FC	1
trimPeriod	r 02FD	1
baseFreq	r 02FE	2
state	r 0300	2
DEIndex	r 0302	2
setTime	r 0304	18
oldSetTime	r 0316	4
cOrD	r 031A	2
parseData	r 031C	2
trimmer	r 031E	2
BPReq	r 0320	1
ADCReq	r 0321	1
NSReq	r 0322	1
RcdChar	r 0324	2
select	c E84A	6
deselect	c E850	6
setData	c E856	6
setCommand	c E85C	6
send	c E862	18
nbFreeSlots	c E874	50
respondC	c E8A6	12
respondS	c E8B2	28
respondBAD	c E8CE	12
appendDigit	c E8DA	64
appendHexDigit	c E91A	66
scheduleNextEvent	c E95C	120
adjustEvents	c E9D4	78
rearmEvent	c EA22	64
getEventTime	c EA62	82
nextCompatibleDate	c EAB4	594
updateBell	c ED06	86
popEvent	c ED5C	46
findNextDiaryEvent	c ED8A	272
findAndArmNextDiaryEvent	c EE9A	40
eraseAllDiaryEvents	c EEC2	68
deleteDiaryEvent	c EF06	162
createDiaryEvent	c EFA8	84
prompt	c EFFC	12
respondL	c F008	52
respondI	c F03C	34
respondT	c F05E	46
sendEvents	c F08C	114
parseCommand	c F0FE	1184
	s F59E	4
	s F5A2	6
	s F5A8	4
	s F5AC	4
	s F5B0	6
	s F5B6	8
	s F5BE	6
	s F5C4	6
	s F5CA	6
	s F5D0	6
	s F5D6	6
	s F5DC	8
setVcc	c F5E4	100
displayTime	c F648	358
displayEvent	c F7AE	364
nextSecond	c F91A	64
displayEventOneHour	c F95A	38
rearmVCCSense	c F980	44
rearmBeepOff	c F9AC	44
buttonPressed	c F9D8	196
computeVcc	c FA9C	68
PORT1_ISR_HOOK	c FAE0	58
ADC10_ISR_HOOK	c FB1A	30
USCI0RX_ISR_HOOK	c FB38	66
TIMER0_A0_ISR_HOOK	c FB7A	20
TIMER0_A1_ISR_HOOK	c FB8E	38
doDSTEvent	c FBB4	40
module body	c FBDC	876
vector table	v	64
codeexe	 E81A

