Module msp430g2553
module body	c C000	2
vector table	v	64
codeexe	 C000

Module msp430delay
CyclesX3	c C000	6
module body	c C006	2
vector table	v	64
codeexe	 C000

Module nrf24l01p
Instance	d C006	8
p1InterruptMask	r 0200	1
p2InterruptMask	r 0201	1
talk	c C00E	82
registerIrq	c C060	76
powerDown	c C0AC	74
powerUp	c C0F6	88
init	c C14E	652
pulseCE	c C3DA	40
setCE	c C402	10
resetCE	c C40C	10
module body	c C416	10
vector table	v	64
codeexe	 C006

Module nrf24pRelayTypes
module body	c C420	2
vector table	v	64
codeexe	 C420

Module minihdlc
init	c C420	26
char_receiver	c C43A	216
open_frame	c C512	24
close_frame	c C52A	24
write_byte_to_frame	c C542	68
write_string_to_frame	c C586	46
buffer_push	c C5B4	42
init_frame_to_buffer	c C5DE	12
module body	c C5EA	2
vector table	v	64
codeexe	 C420

Module MultiPrecisionArith
LongNegate	c C5EA	18
DivLongLong	c C5FC	136
module body	c C684	2
vector table	v	64
codeexe	 C5EA

Module String
FromLong	c C684	292
module body	c C7A8	2
vector table	v	64
codeexe	 C684

Module pcd8544
	s C7A8	476
	s C984	50
XAddr	r 0202	1
YAddr	r 0203	1
Vop	r 0204	1
FunctionSet	r 0205	1
composeChar	r 0206	1
select	r 0208	2
deselect	r 020A	2
setData	r 020C	2
setCommand	r 020E	2
sendD	r 0210	2
track	c C9B6	186
send	c CA70	44
WriteChar	c CA9C	154
WriteString	c CB36	42
SetAddr	c CB60	82
Clear	c CBB2	44
Init	c CBDE	70
SetVop	c CC24	68
WriteLongint	c CC68	86
setCallbacks	c CCBE	22
module body	c CCD4	24
vector table	v	64
codeexe	 C7A8

Module nrf24pRelay
	s CCEC	4
	s CCF0	4
	s CCF4	4
	s CCF8	20
confEmitter	d CD0C	54
recepteur	d CD42	28
emetteur	d CD5E	28
emetteurReady	r 0212	1
pushButtonEnablementPending	r 0213	1
wdtReset	r 0214	1
nbCycles	r 0216	2
pos	r 0218	2
cmd_emi	r 021A	34
rep_emi	r 023C	34
cmdrep_rec	r 025E	34
nbOKl	r 0280	2
nbOKh	r 0282	2
nbKOl	r 0284	2
nbKOh	r 0286	2
nbRecusl	r 0288	2
nbRecush	r 028A	2
radio_state	r 028C	2
control	r 028E	146
confChunkNumber	r 0320	2
ownerPipe	r 0322	2
i	r 0324	2
select	c CD7A	8
deselect	c CD82	8
setData	c CD8A	8
setCommand	c CD92	8
send	c CD9A	18
service_emi	c CDAC	344
flushData	c CF04	78
transmitInt	c CF52	28
service_rec	c CF6E	480
transmitIntOnPipe	c D14E	52
transmitEscapedCharforPipe	c D182	46
transmitString	c D1B0	48
transmitBuffer	c D1E0	48
enablePushButton	c D210	52
disablePushButton	c D244	26
applyRadioConfig	c D25E	58
config_frame_handler	c D298	262
requestConfChunk	c D39E	90
initConfCom	c D3F8	30
displayStatusText	c D416	28
PORT1_ISR_HOOK	c D432	22
PORT2_ISR_HOOK	c D448	68
TIMER0_A0_ISR_HOOK	c D48C	30
WDT_ISR_HOOK	c D4AA	18
module body	c D4BC	1186
	s D95E	16
	s D96E	16
	s D97E	16
	s D98E	16
	s D99E	16
	s D9AE	16
	s D9BE	16
	s D9CE	16
	s D9DE	16
	s D9EE	12
	s D9FA	16
	s DA0A	16
vector table	v	64
codeexe	 CCEC

